# serializer version: 1
# name: test_invoices
  Invoices(all_periods_invoices=[], previous_period_invoice=Invoice(id='abcd1', StartDate=datetime.datetime(2023, 3, 1, 0, 0, tzinfo=zoneinfo.ZoneInfo(key='Europe/Amsterdam')), PeriodDescription='Maart 2023', TotalAmount=140.12), current_period_invoice=Invoice(id='abcd2', StartDate=datetime.datetime(2023, 4, 1, 0, 0, tzinfo=zoneinfo.ZoneInfo(key='Europe/Amsterdam')), PeriodDescription='April 2023', TotalAmount=80.34), upcoming_period_invoice=Invoice(id='abcd3', StartDate=datetime.datetime(2023, 5, 1, 0, 0, tzinfo=zoneinfo.ZoneInfo(key='Europe/Amsterdam')), PeriodDescription='Mei 2023', TotalAmount=80.34), all_invoices_dict_previous_year={}, all_invoices_dict_this_year={}, all_invoices_dict={}, total_costs_previous_year=0, total_costs_this_year=0)
# ---
# name: test_me
  Me(id='vb10h3v01nfb0vh1f', email='contact@email.nl', countryCode='NL', advancedPaymentAmount=100.0, treesCount=None, hasInviteLink=True, InviteLinkUser=None, hasCO2Compensation=False, createdAt=None, updatedAt=None, addressHasMultipleSites=None, meterReadingExportPeriods=[], smartCharging={}, PushNotificationPriceAlerts=[])
# ---
# name: test_month_summary
  MonthSummary(_id='summary_123', actualCostsUntilLastMeterReadingDate=12.34, expectedCostsUntilLastMeterReadingDate=20.0, lastMeterReadingDate='2023-01-01', costs_per_day_till_now=12.34, meterReadingDayCompleteness=1, gasExcluded=False, typename='MonthSummary', expectedCosts=50.0, expectedCostsPerDay=1.6129032258064515)
# ---
